Running Sphinx v7.4.7
loading translations [en]... done
/Users/quandy/Library/Python/3.9/lib/python/site-packages/urllib3/__init__.py:35: NotOpenSSLWarning: urllib3 v2 only supports OpenSSL 1.1.1+, currently the 'ssl' module is compiled with 'LibreSSL 2.8.3'. See: https://github.com/urllib3/urllib3/issues/3020
  warnings.warn(
making output directory... done
[autosummary] generating autosummary for: 01_Instructions/00_guide.md, 01_Instructions/01_overview.md, 01_Instructions/02_quickstart.md, 01_Instructions/03_system_architecture.md, 01_Instructions/04_navigation_stack.md, 01_Instructions/05_project_layout.md, 01_Instructions/06_ecosystem.md, 01_Instructions/07_documentation_guide.md, 01_Instructions/08_roadmap.md, 01_Instructions/index.rst, ..., 20_Other/01_overview.md, 20_Other/02_code_style.md, 20_Other/03_contributing.md, 20_Other/04_glossary.md, 20_Other/05_changelog.md, 20_Other/06_resources.md, 20_Other/07_links.md, 20_Other/08_survey.md, 20_Other/index.rst, index.rst
loading intersphinx inventory 'rtd' from https://docs.readthedocs.io/en/stable/objects.inv...
loading intersphinx inventory 'python' from https://docs.python.org/3/objects.inv...
loading intersphinx inventory 'sphinx' from https://www.sphinx-doc.org/en/master/objects.inv...
intersphinx inventory has moved: https://docs.readthedocs.io/en/stable/objects.inv -> https://docs.readthedocs.com/platform/stable/objects.inv
myst v3.0.1: MdParserConfig(commonmark_only=False, gfm_only=False, enable_extensions={'amsmath', 'colon_fence', 'dollarmath'}, disable_syntax=[], all_links_external=False, links_external_new_tab=False, url_schemes=('http', 'https', 'mailto', 'ftp'), ref_domains=None, fence_as_directive={'mermaid', 'toctree'}, number_code_blocks=[], title_to_header=False, heading_anchors=6, heading_slug_func=<function section_heading_slug at 0x10bdce280>, html_meta={}, footnote_transition=True, words_per_minute=200, substitutions={}, linkify_fuzzy_links=True, dmath_allow_labels=True, dmath_allow_space=True, dmath_allow_digits=True, dmath_double_inline=False, update_mathjax=True, mathjax_classes='tex2jax_process|mathjax_process|math|output_area', enable_checkboxes=False, suppress_warnings=[], highlight_code_blocks=True)
building [mo]: targets for 0 po files that are out of date
writing output... 
building [html]: targets for 218 source files that are out of date
updating environment: [new config] 218 added, 0 changed, 0 removed
reading sources... [  0%] 01_Instructions/00_guide
reading sources... [  1%] 01_Instructions/01_overview
reading sources... [  1%] 01_Instructions/02_quickstart
reading sources... [  2%] 01_Instructions/03_system_architecture
reading sources... [  2%] 01_Instructions/04_navigation_stack
reading sources... [  3%] 01_Instructions/05_project_layout
reading sources... [  3%] 01_Instructions/06_ecosystem
reading sources... [  4%] 01_Instructions/07_documentation_guide
reading sources... [  4%] 01_Instructions/08_roadmap
reading sources... [  5%] 01_Instructions/index
reading sources... [  5%] 02_Installation/00_guide
reading sources... [  6%] 02_Installation/01_overview
reading sources... [  6%] 02_Installation/02_quickstart
reading sources... [  6%] 02_Installation/03_system_requirements
reading sources... [  7%] 02_Installation/04_dependencies
reading sources... [  7%] 02_Installation/05_docker
reading sources... [  8%] 02_Installation/06_build
reading sources... [  8%] 02_Installation/07_environment
reading sources... [  9%] 02_Installation/08_troubleshooting
reading sources... [  9%] 02_Installation/index
reading sources... [ 10%] 03_Communication/00_guide
reading sources... [ 10%] 03_Communication/01_overview
reading sources... [ 11%] 03_Communication/02_quickstart
reading sources... [ 11%] 03_Communication/03_concepts
reading sources... [ 11%] 03_Communication/04_usage
reading sources... [ 12%] 03_Communication/05_architecture
reading sources... [ 12%] 03_Communication/06_node_channel
reading sources... [ 13%] 03_Communication/07_service_action
reading sources... [ 13%] 03_Communication/08_scheduler_transport
reading sources... [ 14%] 03_Communication/09_survey
reading sources... [ 14%] 03_Communication/index
reading sources... [ 15%] 04_Running/00_guide
reading sources... [ 15%] 04_Running/01_overview
reading sources... [ 16%] 04_Running/02_quickstart
reading sources... [ 16%] 04_Running/03_autonomy_process
reading sources... [ 17%] 04_Running/04_nav_test
reading sources... [ 17%] 04_Running/05_docker_runtime
reading sources... [ 17%] 04_Running/06_ros2_integration
reading sources... [ 18%] 04_Running/07_verification
reading sources... [ 18%] 04_Running/08_troubleshooting
reading sources... [ 19%] 04_Running/index
reading sources... [ 19%] 05_Framework/00_guide
reading sources... [ 20%] 05_Framework/01_overview
reading sources... [ 20%] 05_Framework/02_quickstart
reading sources... [ 21%] 05_Framework/03_architecture
reading sources... [ 21%] 05_Framework/04_configuration
reading sources... [ 22%] 05_Framework/05_module_servers
reading sources... [ 22%] 05_Framework/06_plugin_system
reading sources... [ 22%] 05_Framework/07_commsgs_integration
reading sources... [ 23%] 05_Framework/08_survey
reading sources... [ 23%] 05_Framework/index
reading sources... [ 24%] 06_Localization/00_guide
reading sources... [ 24%] 06_Localization/01_overview
reading sources... [ 25%] 06_Localization/02_quickstart
reading sources... [ 25%] 06_Localization/03_math
reading sources... [ 26%] 06_Localization/04_usage
reading sources... [ 26%] 06_Localization/05_architecture
reading sources... [ 27%] 06_Localization/06_atlas
reading sources... [ 27%] 06_Localization/07_amcl
reading sources... [ 28%] 06_Localization/09_survey
reading sources... [ 28%] 06_Localization/index
reading sources... [ 28%] 07_Map/00_guide
reading sources... [ 29%] 07_Map/01_overview
reading sources... [ 29%] 07_Map/02_quickstart
reading sources... [ 30%] 07_Map/03_math
reading sources... [ 30%] 07_Map/04_usage
reading sources... [ 31%] 07_Map/05_architecture
reading sources... [ 31%] 07_Map/06_costmap2d
reading sources... [ 32%] 07_Map/07_grid_map
reading sources... [ 32%] 07_Map/08_survey
reading sources... [ 33%] 07_Map/index
reading sources... [ 33%] 08_Planning/00_guide
reading sources... [ 33%] 08_Planning/01_architecture
reading sources... [ 34%] 08_Planning/02_planner_algorithms
reading sources... [ 34%] 08_Planning/03_navfn
reading sources... [ 35%] 08_Planning/04_dijkstra
reading sources... [ 35%] 08_Planning/05_theta_star
reading sources... [ 36%] 08_Planning/06_survey
reading sources... [ 36%] 08_Planning/index
reading sources... [ 37%] 09_Control/00_guide
reading sources... [ 37%] 09_Control/01_overview
reading sources... [ 38%] 09_Control/02_architecture
reading sources... [ 38%] 09_Control/03_checkers
reading sources... [ 39%] 09_Control/04_velocity_smoother
reading sources... [ 39%] 09_Control/05_controller_algorithms
reading sources... [ 39%] 09_Control/06_survey
reading sources... [ 40%] 09_Control/checker/15_simple_goal_checker
reading sources... [ 40%] 09_Control/checker/16_position_goal_checker
reading sources... [ 41%] 09_Control/checker/17_stopped_goal_checker
reading sources... [ 41%] 09_Control/checker/18_simple_progress_checker
reading sources... [ 42%] 09_Control/checker/19_pose_progress_checker
reading sources... [ 42%] 09_Control/checker/index
reading sources... [ 43%] 09_Control/controller/10_graceful_controller
reading sources... [ 43%] 09_Control/controller/11_mppi_controller
reading sources... [ 44%] 09_Control/controller/12_rpp_controller
reading sources... [ 44%] 09_Control/controller/13_dwb_controller
reading sources... [ 44%] 09_Control/controller/14_teb_controller
reading sources... [ 45%] 09_Control/controller/15_mpc_controller
reading sources... [ 45%] 09_Control/controller/index
reading sources... [ 46%] 09_Control/index
reading sources... [ 46%] 09_Control/smoother/20_velocity_smoother_impl
reading sources... [ 47%] 09_Control/smoother/index
reading sources... [ 47%] 10_Perception/00_guide
reading sources... [ 48%] 10_Perception/01_overview
reading sources... [ 48%] 10_Perception/02_quickstart
reading sources... [ 49%] 10_Perception/03_math
reading sources... [ 49%] 10_Perception/04_usage
reading sources... [ 50%] 10_Perception/05_architecture
reading sources... [ 50%] 10_Perception/06_sensor_pipeline
reading sources... [ 50%] 10_Perception/07_vision_detection
reading sources... [ 51%] 10_Perception/08_obstacle_perception
reading sources... [ 51%] 10_Perception/09_survey
reading sources... [ 52%] 10_Perception/index
reading sources... [ 52%] 11_Prediction/00_guide
reading sources... [ 53%] 11_Prediction/01_overview
reading sources... [ 53%] 11_Prediction/02_quickstart
reading sources... [ 54%] 11_Prediction/03_math
reading sources... [ 54%] 11_Prediction/04_usage
reading sources... [ 55%] 11_Prediction/05_architecture
reading sources... [ 55%] 11_Prediction/06_motion_models
reading sources... [ 56%] 11_Prediction/07_trajectory_prediction
reading sources... [ 56%] 11_Prediction/08_behavior_prediction
reading sources... [ 56%] 11_Prediction/09_survey
reading sources... [ 57%] 11_Prediction/index
reading sources... [ 57%] 12_Simulation/00_guide
reading sources... [ 58%] 12_Simulation/01_overview
reading sources... [ 58%] 12_Simulation/02_quickstart
reading sources... [ 59%] 12_Simulation/03_math
reading sources... [ 59%] 12_Simulation/04_usage
reading sources... [ 60%] 12_Simulation/05_architecture
reading sources... [ 60%] 12_Simulation/06_nav_test
reading sources... [ 61%] 12_Simulation/07_gazebo_ros
reading sources... [ 61%] 12_Simulation/08_vehicle_stage
reading sources... [ 61%] 12_Simulation/09_survey
reading sources... [ 62%] 12_Simulation/index
reading sources... [ 62%] 13_Visualization/00_guide
reading sources... [ 63%] 13_Visualization/01_overview
reading sources... [ 63%] 13_Visualization/02_quickstart
reading sources... [ 64%] 13_Visualization/03_data_types
reading sources... [ 64%] 13_Visualization/04_configuration
reading sources... [ 65%] 13_Visualization/05_architecture
reading sources... [ 65%] 13_Visualization/06_foxglove
reading sources... [ 66%] 13_Visualization/07_rviz2_ros2
reading sources... [ 66%] 13_Visualization/08_survey
reading sources... [ 67%] 13_Visualization/index
reading sources... [ 67%] 14_Commsgs/00_guide
reading sources... [ 67%] 14_Commsgs/01_overview
reading sources... [ 68%] 14_Commsgs/02_quickstart
reading sources... [ 68%] 14_Commsgs/03_schema
reading sources... [ 69%] 14_Commsgs/04_usage
reading sources... [ 69%] 14_Commsgs/05_architecture
reading sources... [ 70%] 14_Commsgs/06_core_msgs
reading sources... [ 70%] 14_Commsgs/07_sensor_map_msgs
reading sources... [ 71%] 14_Commsgs/08_nav_planning_msgs
reading sources... [ 71%] 14_Commsgs/09_survey
reading sources... [ 72%] 14_Commsgs/index
reading sources... [ 72%] 15_Bridge/00_guide
reading sources... [ 72%] 15_Bridge/01_overview
reading sources... [ 73%] 15_Bridge/02_quickstart
reading sources... [ 73%] 15_Bridge/03_math
reading sources... [ 74%] 15_Bridge/04_usage
reading sources... [ 74%] 15_Bridge/05_architecture
reading sources... [ 75%] 15_Bridge/06_grpc
reading sources... [ 75%] 15_Bridge/07_mqtt
reading sources... [ 76%] 15_Bridge/08_survey
reading sources... [ 76%] 15_Bridge/index
reading sources... [ 77%] 16_Navigator/00_guide
reading sources... [ 77%] 16_Navigator/01_overview
reading sources... [ 78%] 16_Navigator/02_quickstart
reading sources... [ 78%] 16_Navigator/03_math
reading sources... [ 78%] 16_Navigator/04_usage
reading sources... [ 79%] 16_Navigator/05_architecture
reading sources... [ 79%] 16_Navigator/06_bt_engine
reading sources... [ 80%] 16_Navigator/07_navigate_to_pose
reading sources... [ 80%] 16_Navigator/08_bt_plugins
reading sources... [ 81%] 16_Navigator/09_survey
reading sources... [ 81%] 16_Navigator/index
reading sources... [ 82%] 17_Tasks/00_guide
reading sources... [ 82%] 17_Tasks/01_overview
reading sources... [ 83%] 17_Tasks/02_quickstart
reading sources... [ 83%] 17_Tasks/03_task_types
reading sources... [ 83%] 17_Tasks/04_configuration
reading sources... [ 84%] 17_Tasks/05_architecture
reading sources... [ 84%] 17_Tasks/06_execution_modes
reading sources... [ 85%] 17_Tasks/07_api_reference
reading sources... [ 85%] 17_Tasks/08_survey
reading sources... [ 86%] 17_Tasks/index
reading sources... [ 86%] 18_Tools/00_guide
reading sources... [ 87%] 18_Tools/01_overview
reading sources... [ 87%] 18_Tools/02_quickstart
reading sources... [ 88%] 18_Tools/03_dev_scripts
reading sources... [ 88%] 18_Tools/04_nav_test
reading sources... [ 89%] 18_Tools/05_monitor
reading sources... [ 89%] 18_Tools/06_autolink_tools
reading sources... [ 89%] 18_Tools/07_docker_scripts
reading sources... [ 90%] 18_Tools/08_survey
reading sources... [ 90%] 18_Tools/index
reading sources... [ 91%] 19_FAQs/00_guide
reading sources... [ 91%] 19_FAQs/01_overview
reading sources... [ 92%] 19_FAQs/02_installation
reading sources... [ 92%] 19_FAQs/03_build
reading sources... [ 93%] 19_FAQs/04_running
reading sources... [ 93%] 19_FAQs/05_docker
reading sources... [ 94%] 19_FAQs/06_autolink
reading sources... [ 94%] 19_FAQs/07_navigation
reading sources... [ 94%] 19_FAQs/08_survey
reading sources... [ 95%] 19_FAQs/index
reading sources... [ 95%] 20_Other/00_guide
reading sources... [ 96%] 20_Other/01_overview
reading sources... [ 96%] 20_Other/02_code_style
reading sources... [ 97%] 20_Other/03_contributing
reading sources... [ 97%] 20_Other/04_glossary
reading sources... [ 98%] 20_Other/05_changelog
reading sources... [ 98%] 20_Other/06_resources
reading sources... [ 99%] 20_Other/07_links
reading sources... [ 99%] 20_Other/08_survey
reading sources... [100%] 20_Other/index
reading sources... [100%] index

looking for now-outdated files... none found
pickling environment... done
checking consistency... done
preparing documents... done
copying assets... 
copying static files... done
copying extra files... done
copying assets: done
writing output... [  0%] 01_Instructions/00_guide
writing output... [  1%] 01_Instructions/01_overview
writing output... [  1%] 01_Instructions/02_quickstart
writing output... [  2%] 01_Instructions/03_system_architecture
writing output... [  2%] 01_Instructions/04_navigation_stack
writing output... [  3%] 01_Instructions/05_project_layout
writing output... [  3%] 01_Instructions/06_ecosystem
writing output... [  4%] 01_Instructions/07_documentation_guide
writing output... [  4%] 01_Instructions/08_roadmap
writing output... [  5%] 01_Instructions/index
writing output... [  5%] 02_Installation/00_guide
writing output... [  6%] 02_Installation/01_overview
writing output... [  6%] 02_Installation/02_quickstart
writing output... [  6%] 02_Installation/03_system_requirements
writing output... [  7%] 02_Installation/04_dependencies
writing output... [  7%] 02_Installation/05_docker
writing output... [  8%] 02_Installation/06_build
writing output... [  8%] 02_Installation/07_environment
writing output... [  9%] 02_Installation/08_troubleshooting
writing output... [  9%] 02_Installation/index
writing output... [ 10%] 03_Communication/00_guide
writing output... [ 10%] 03_Communication/01_overview
writing output... [ 11%] 03_Communication/02_quickstart
writing output... [ 11%] 03_Communication/03_concepts
writing output... [ 11%] 03_Communication/04_usage
writing output... [ 12%] 03_Communication/05_architecture
writing output... [ 12%] 03_Communication/06_node_channel
writing output... [ 13%] 03_Communication/07_service_action
writing output... [ 13%] 03_Communication/08_scheduler_transport
writing output... [ 14%] 03_Communication/09_survey
writing output... [ 14%] 03_Communication/index
writing output... [ 15%] 04_Running/00_guide
writing output... [ 15%] 04_Running/01_overview
writing output... [ 16%] 04_Running/02_quickstart
writing output... [ 16%] 04_Running/03_autonomy_process
writing output... [ 17%] 04_Running/04_nav_test
writing output... [ 17%] 04_Running/05_docker_runtime
writing output... [ 17%] 04_Running/06_ros2_integration
writing output... [ 18%] 04_Running/07_verification
writing output... [ 18%] 04_Running/08_troubleshooting
writing output... [ 19%] 04_Running/index
writing output... [ 19%] 05_Framework/00_guide
writing output... [ 20%] 05_Framework/01_overview
writing output... [ 20%] 05_Framework/02_quickstart
writing output... [ 21%] 05_Framework/03_architecture
writing output... [ 21%] 05_Framework/04_configuration
writing output... [ 22%] 05_Framework/05_module_servers
writing output... [ 22%] 05_Framework/06_plugin_system
writing output... [ 22%] 05_Framework/07_commsgs_integration
writing output... [ 23%] 05_Framework/08_survey
writing output... [ 23%] 05_Framework/index
writing output... [ 24%] 06_Localization/00_guide
writing output... [ 24%] 06_Localization/01_overview
writing output... [ 25%] 06_Localization/02_quickstart
writing output... [ 25%] 06_Localization/03_math
writing output... [ 26%] 06_Localization/04_usage
writing output... [ 26%] 06_Localization/05_architecture
writing output... [ 27%] 06_Localization/06_atlas
writing output... [ 27%] 06_Localization/07_amcl
writing output... [ 28%] 06_Localization/09_survey
writing output... [ 28%] 06_Localization/index
writing output... [ 28%] 07_Map/00_guide
writing output... [ 29%] 07_Map/01_overview
writing output... [ 29%] 07_Map/02_quickstart
writing output... [ 30%] 07_Map/03_math
writing output... [ 30%] 07_Map/04_usage
writing output... [ 31%] 07_Map/05_architecture
writing output... [ 31%] 07_Map/06_costmap2d
writing output... [ 32%] 07_Map/07_grid_map
writing output... [ 32%] 07_Map/08_survey
writing output... [ 33%] 07_Map/index
writing output... [ 33%] 08_Planning/00_guide
writing output... [ 33%] 08_Planning/01_architecture
writing output... [ 34%] 08_Planning/02_planner_algorithms
writing output... [ 34%] 08_Planning/03_navfn
writing output... [ 35%] 08_Planning/04_dijkstra
writing output... [ 35%] 08_Planning/05_theta_star
writing output... [ 36%] 08_Planning/06_survey
writing output... [ 36%] 08_Planning/index
writing output... [ 37%] 09_Control/00_guide
writing output... [ 37%] 09_Control/01_overview
writing output... [ 38%] 09_Control/02_architecture
writing output... [ 38%] 09_Control/03_checkers
writing output... [ 39%] 09_Control/04_velocity_smoother
writing output... [ 39%] 09_Control/05_controller_algorithms
writing output... [ 39%] 09_Control/06_survey
writing output... [ 40%] 09_Control/checker/15_simple_goal_checker
writing output... [ 40%] 09_Control/checker/16_position_goal_checker
writing output... [ 41%] 09_Control/checker/17_stopped_goal_checker
writing output... [ 41%] 09_Control/checker/18_simple_progress_checker
writing output... [ 42%] 09_Control/checker/19_pose_progress_checker
writing output... [ 42%] 09_Control/checker/index
writing output... [ 43%] 09_Control/controller/10_graceful_controller
writing output... [ 43%] 09_Control/controller/11_mppi_controller
writing output... [ 44%] 09_Control/controller/12_rpp_controller
writing output... [ 44%] 09_Control/controller/13_dwb_controller
writing output... [ 44%] 09_Control/controller/14_teb_controller
writing output... [ 45%] 09_Control/controller/15_mpc_controller
writing output... [ 45%] 09_Control/controller/index
writing output... [ 46%] 09_Control/index
writing output... [ 46%] 09_Control/smoother/20_velocity_smoother_impl
writing output... [ 47%] 09_Control/smoother/index
writing output... [ 47%] 10_Perception/00_guide
writing output... [ 48%] 10_Perception/01_overview
writing output... [ 48%] 10_Perception/02_quickstart
writing output... [ 49%] 10_Perception/03_math
writing output... [ 49%] 10_Perception/04_usage
writing output... [ 50%] 10_Perception/05_architecture
writing output... [ 50%] 10_Perception/06_sensor_pipeline
writing output... [ 50%] 10_Perception/07_vision_detection
writing output... [ 51%] 10_Perception/08_obstacle_perception
writing output... [ 51%] 10_Perception/09_survey
writing output... [ 52%] 10_Perception/index
writing output... [ 52%] 11_Prediction/00_guide
writing output... [ 53%] 11_Prediction/01_overview
writing output... [ 53%] 11_Prediction/02_quickstart
writing output... [ 54%] 11_Prediction/03_math
writing output... [ 54%] 11_Prediction/04_usage
writing output... [ 55%] 11_Prediction/05_architecture
writing output... [ 55%] 11_Prediction/06_motion_models
writing output... [ 56%] 11_Prediction/07_trajectory_prediction
writing output... [ 56%] 11_Prediction/08_behavior_prediction
writing output... [ 56%] 11_Prediction/09_survey
writing output... [ 57%] 11_Prediction/index
writing output... [ 57%] 12_Simulation/00_guide
writing output... [ 58%] 12_Simulation/01_overview
writing output... [ 58%] 12_Simulation/02_quickstart
writing output... [ 59%] 12_Simulation/03_math
writing output... [ 59%] 12_Simulation/04_usage
writing output... [ 60%] 12_Simulation/05_architecture
writing output... [ 60%] 12_Simulation/06_nav_test
writing output... [ 61%] 12_Simulation/07_gazebo_ros
writing output... [ 61%] 12_Simulation/08_vehicle_stage
writing output... [ 61%] 12_Simulation/09_survey
writing output... [ 62%] 12_Simulation/index
writing output... [ 62%] 13_Visualization/00_guide
writing output... [ 63%] 13_Visualization/01_overview
writing output... [ 63%] 13_Visualization/02_quickstart
writing output... [ 64%] 13_Visualization/03_data_types
writing output... [ 64%] 13_Visualization/04_configuration
writing output... [ 65%] 13_Visualization/05_architecture
writing output... [ 65%] 13_Visualization/06_foxglove
writing output... [ 66%] 13_Visualization/07_rviz2_ros2
writing output... [ 66%] 13_Visualization/08_survey
writing output... [ 67%] 13_Visualization/index
writing output... [ 67%] 14_Commsgs/00_guide
writing output... [ 67%] 14_Commsgs/01_overview
writing output... [ 68%] 14_Commsgs/02_quickstart
writing output... [ 68%] 14_Commsgs/03_schema
writing output... [ 69%] 14_Commsgs/04_usage
writing output... [ 69%] 14_Commsgs/05_architecture
writing output... [ 70%] 14_Commsgs/06_core_msgs
writing output... [ 70%] 14_Commsgs/07_sensor_map_msgs
writing output... [ 71%] 14_Commsgs/08_nav_planning_msgs
writing output... [ 71%] 14_Commsgs/09_survey
writing output... [ 72%] 14_Commsgs/index
writing output... [ 72%] 15_Bridge/00_guide
writing output... [ 72%] 15_Bridge/01_overview
writing output... [ 73%] 15_Bridge/02_quickstart
writing output... [ 73%] 15_Bridge/03_math
writing output... [ 74%] 15_Bridge/04_usage
writing output... [ 74%] 15_Bridge/05_architecture
writing output... [ 75%] 15_Bridge/06_grpc
writing output... [ 75%] 15_Bridge/07_mqtt
writing output... [ 76%] 15_Bridge/08_survey
writing output... [ 76%] 15_Bridge/index
writing output... [ 77%] 16_Navigator/00_guide
writing output... [ 77%] 16_Navigator/01_overview
writing output... [ 78%] 16_Navigator/02_quickstart
writing output... [ 78%] 16_Navigator/03_math
writing output... [ 78%] 16_Navigator/04_usage
writing output... [ 79%] 16_Navigator/05_architecture
writing output... [ 79%] 16_Navigator/06_bt_engine
writing output... [ 80%] 16_Navigator/07_navigate_to_pose
writing output... [ 80%] 16_Navigator/08_bt_plugins
writing output... [ 81%] 16_Navigator/09_survey
writing output... [ 81%] 16_Navigator/index
writing output... [ 82%] 17_Tasks/00_guide
writing output... [ 82%] 17_Tasks/01_overview
writing output... [ 83%] 17_Tasks/02_quickstart
writing output... [ 83%] 17_Tasks/03_task_types
writing output... [ 83%] 17_Tasks/04_configuration
writing output... [ 84%] 17_Tasks/05_architecture
writing output... [ 84%] 17_Tasks/06_execution_modes
writing output... [ 85%] 17_Tasks/07_api_reference
writing output... [ 85%] 17_Tasks/08_survey
writing output... [ 86%] 17_Tasks/index
writing output... [ 86%] 18_Tools/00_guide
writing output... [ 87%] 18_Tools/01_overview
writing output... [ 87%] 18_Tools/02_quickstart
writing output... [ 88%] 18_Tools/03_dev_scripts
writing output... [ 88%] 18_Tools/04_nav_test
writing output... [ 89%] 18_Tools/05_monitor
writing output... [ 89%] 18_Tools/06_autolink_tools
writing output... [ 89%] 18_Tools/07_docker_scripts
writing output... [ 90%] 18_Tools/08_survey
writing output... [ 90%] 18_Tools/index
writing output... [ 91%] 19_FAQs/00_guide
writing output... [ 91%] 19_FAQs/01_overview
writing output... [ 92%] 19_FAQs/02_installation
writing output... [ 92%] 19_FAQs/03_build
writing output... [ 93%] 19_FAQs/04_running
writing output... [ 93%] 19_FAQs/05_docker
writing output... [ 94%] 19_FAQs/06_autolink
writing output... [ 94%] 19_FAQs/07_navigation
writing output... [ 94%] 19_FAQs/08_survey
writing output... [ 95%] 19_FAQs/index
writing output... [ 95%] 20_Other/00_guide
writing output... [ 96%] 20_Other/01_overview
writing output... [ 96%] 20_Other/02_code_style
writing output... [ 97%] 20_Other/03_contributing
writing output... [ 97%] 20_Other/04_glossary
writing output... [ 98%] 20_Other/05_changelog
writing output... [ 98%] 20_Other/06_resources
writing output... [ 99%] 20_Other/07_links
writing output... [ 99%] 20_Other/08_survey
writing output... [100%] 20_Other/index
writing output... [100%] index

generating indices... genindex done
writing additional pages... search done
copying images... [  6%] 01_Instructions/images/autonomy_architecture.png
copying images... [ 12%] 01_Instructions/images/openbot_docs.png
copying images... [ 19%] 02_Installation/images/run.png
copying images... [ 25%] 04_Running/images/running.png
copying images... [ 31%] 04_Running/images/command_line_run.png
copying images... [ 38%] 04_Running/images/openbot_ros_simulator.png
copying images... [ 44%] 09_Control/images/teb/iros2017_fig1_car_geometry.png
copying images... [ 50%] 09_Control/images/teb/definition_timed_elastic_band.png
copying images... [ 56%] 09_Control/images/teb/ecmr2013_fig3_control_flow.png
copying images... [ 62%] 09_Control/images/teb/ecmr2013_fig2_hypergraph.png
copying images... [ 69%] 09_Control/images/teb/ecmr2013_fig4_system_matrix_amd.png
copying images... [ 75%] 13_Visualization/images/path.png
copying images... [ 81%] 13_Visualization/images/map.png
copying images... [ 88%] 13_Visualization/images/foxglove.png
copying images... [ 94%] 13_Visualization/images/curve2.png
copying images... [100%] ../assets/autonomy_architecture.png

dumping search index in English (code: en)... done
dumping object inventory... done

====================== slowest reading durations =======================
0.081 15_Bridge/08_survey
0.075 17_Tasks/06_execution_modes
0.062 14_Commsgs/05_architecture
0.058 09_Control/06_survey
0.053 09_Control/controller/12_rpp_controller
build succeeded.

The HTML pages are in build.
